// Jest Snapshot v1, https://goo.gl/fbAQLP

exports[`FileAttachment should match snapshot 1`] = `
<TouchableWithFeedbackIOS
  onPress={[Function]}
  style={
    Object {
      "width": undefined,
    }
  }
  type="opacity"
>
  <FileAttachmentImage
    file={
      Object {
        "create_at": 1546893090093,
        "data": Object {
          "mime_type": "image/png",
        },
        "delete_at": 0,
        "extension": "png",
        "has_preview_image": true,
        "height": 171,
        "id": "fileId",
        "name": "image.png",
        "post_id": "postId",
        "size": 14894,
        "update_at": 1546893090093,
        "user_id": "userId",
        "width": 425,
      }
    }
    imageDimensions={null}
    resizeMethod="resize"
    resizeMode="cover"
    theme={
      Object {
        "awayIndicator": "#ffbc42",
        "buttonBg": "#166de0",
        "buttonColor": "#ffffff",
        "centerChannelBg": "#ffffff",
        "centerChannelColor": "#3d3c40",
        "codeTheme": "github",
        "dndIndicator": "#f74343",
        "errorTextColor": "#fd5960",
        "linkColor": "#2389d7",
        "mentionBg": "#ffffff",
        "mentionBj": "#ffffff",
        "mentionColor": "#145dbf",
        "mentionHighlightBg": "#ffe577",
        "mentionHighlightLink": "#166de0",
        "newMessageSeparator": "#ff8800",
        "onlineIndicator": "#06d6a0",
        "sidebarBg": "#145dbf",
        "sidebarHeaderBg": "#1153ab",
        "sidebarHeaderTextColor": "#ffffff",
        "sidebarText": "#ffffff",
        "sidebarTextActiveBorder": "#579eff",
        "sidebarTextActiveColor": "#ffffff",
        "sidebarTextHoverBg": "#4578bf",
        "sidebarUnreadText": "#ffffff",
        "type": "Mattermost",
      }
    }
  />
</TouchableWithFeedbackIOS>
`;
