// Jest Snapshot v1, https://goo.gl/fbAQLP

exports[`PasteableTextInput should render pasteable text input 1`] = `
<Component
  allowFontScaling={true}
  onPaste={[Function]}
  rejectResponderTermination={true}
  underlineColorAndroid="transparent"
>
  My Text
</Component>
`;
