// Jest Snapshot v1, https://goo.gl/fbAQLP

exports[`FileQuickAction should match snapshot 1`] = `
<TouchableWithFeedbackIOS
  onPress={[Function]}
  style={
    Object {
      "alignItems": "center",
      "justifyContent": "center",
      "padding": 10,
    }
  }
  testID="post_draft.quick_actions.file_action"
  type="opacity"
>
  <CompassIcon
    color="rgba(61,60,64,0.64)"
    name="file-document-outline"
    size={24}
  />
</TouchableWithFeedbackIOS>
`;
