// Jest Snapshot v1, https://goo.gl/fbAQLP

exports[`Search RecentItem should match snapshot and respond to events 1`] = `
<ForwardRef
  onPress={[Function]}
  underlayColor="rgba(69,120,191,0.5)"
>
  <View
    style={
      Object {
        "alignItems": "center",
        "flex": 1,
        "flexDirection": "row",
        "height": 68,
      }
    }
  >
    <View
      style={
        Object {
          "flex": 1,
          "flexDirection": "column",
          "paddingHorizontal": 16,
        }
      }
    >
      <View
        style={
          Object {
            "alignItems": "center",
            "flexDirection": "row",
          }
        }
      >
        <View
          style={
            Object {
              "alignItems": "center",
              "backgroundColor": "rgba(61,60,64,0.08)",
              "borderRadius": 4,
              "fontWeight": "600",
              "marginRight": 5,
              "paddingHorizontal": 4,
              "paddingVertical": 2,
            }
          }
        >
          <Text
            style={
              Object {
                "color": "#3d3c40",
                "fontSize": 10,
              }
            }
          >
            IN:
          </Text>
        </View>
        <Text
          style={
            Object {
              "color": "#3d3c40",
              "fontSize": 15,
            }
          }
        >
          channel-name
        </Text>
      </View>
      <Text
        style={
          Object {
            "color": "rgba(61,60,64,0.5)",
            "fontSize": 12,
            "marginTop": 5,
          }
        }
      >
        to find posts in specific channels
      </Text>
    </View>
  </View>
</ForwardRef>
`;
